 Image backend-app Building 
#1 [internal] load local bake definitions
#1 reading from stdin 549B done
#1 DONE 0.0s

#2 [internal] load build definition from Dockerfile
#2 transferring dockerfile: 384B 0.0s done
#2 DONE 0.0s

#3 [internal] load metadata for docker.io/library/maven:3.9.9-eclipse-temurin-21
#3 DONE 0.1s

#4 [internal] load metadata for docker.io/library/eclipse-temurin:21-jre-jammy
#4 DONE 2.1s

#5 [internal] load .dockerignore
#5 transferring context: 2B done
#5 DONE 0.0s

#6 [stage-1 1/3] FROM docker.io/library/eclipse-temurin:21-jre-jammy@sha256:f04fb34e053148344e83317976114ec3f37e4b830ec8bdab5a2fe3cecd7d010b
#6 resolve docker.io/library/eclipse-temurin:21-jre-jammy@sha256:f04fb34e053148344e83317976114ec3f37e4b830ec8bdab5a2fe3cecd7d010b 0.0s done
#6 DONE 0.0s

#7 [build 1/6] FROM docker.io/library/maven:3.9.9-eclipse-temurin-21@sha256:3a4ab3276a087bf276f79cae96b1af04f53731bec53fb2e651aca79e4b10211e
#7 resolve docker.io/library/maven:3.9.9-eclipse-temurin-21@sha256:3a4ab3276a087bf276f79cae96b1af04f53731bec53fb2e651aca79e4b10211e 0.0s done
#7 DONE 0.0s

#8 [internal] load build context
#8 transferring context: 191.17kB 0.0s done
#8 DONE 0.0s

#9 [build 2/6] WORKDIR /workspace
#9 CACHED

#10 [build 3/6] COPY pom.xml ./
#10 CACHED

#11 [build 4/6] RUN mvn -q dependency:go-offline
#11 CACHED

#12 [build 5/6] COPY src ./src
#12 DONE 0.1s

#13 [build 6/6] RUN mvn -q -DskipTests package
#13 DONE 22.8s

#14 [stage-1 2/3] WORKDIR /app
#14 CACHED

#15 [stage-1 3/3] COPY --from=build /workspace/target/teducare-backend-*.jar /app/app.jar
#15 DONE 0.1s

#16 exporting to image
#16 exporting layers
#16 exporting layers 3.5s done
#16 exporting manifest sha256:3805d1204af5f4870e7c0e3d56d8bd1dd9121ff074c84aff8aeac004ad3b02b8 0.0s done
#16 exporting config sha256:9d61adddb2ab9338ced6e7f48780808aac1a4e134bf9110bc1216aee7818b412 0.0s done
#16 exporting attestation manifest sha256:6763518d44b588b1392799c955ca755887b55eb95347c3241860dd1a1290bb98 0.0s done
#16 exporting manifest list sha256:af6d0c4ef77b877ab11b99759ffe62048f8433accec7db9fd488e300f5e35424 0.0s done
#16 naming to docker.io/library/backend-app:latest done
#16 unpacking to docker.io/library/backend-app:latest
#16 unpacking to docker.io/library/backend-app:latest 0.7s done
#16 DONE 4.4s

#17 resolving provenance for metadata file
#17 DONE 0.0s
 Image backend-app Built 
 Container t-educare-sql Running 
 Container t-educare-backend Recreate 
 Container t-educare-backend Recreated 
 Container t-educare-sql Waiting 
 Container t-educare-sql Healthy 
 Container t-educare-backend Starting 
 Container t-educare-backend Started 
