 Image backend-app Building 
#1 [internal] load local bake definitions
#1 reading from stdin 549B 0.0s done
#1 DONE 0.0s

#2 [internal] load build definition from Dockerfile
#2 transferring dockerfile: 384B 0.2s done
#2 DONE 0.2s

#3 [internal] load metadata for docker.io/library/maven:3.9.9-eclipse-temurin-21
#3 DONE 0.1s

#4 [internal] load metadata for docker.io/library/eclipse-temurin:21-jre-jammy
#4 DONE 3.4s

#5 [internal] load .dockerignore
#5 transferring context: 2B done
#5 DONE 0.0s

#6 [build 1/6] FROM docker.io/library/maven:3.9.9-eclipse-temurin-21@sha256:3a4ab3276a087bf276f79cae96b1af04f53731bec53fb2e651aca79e4b10211e
#6 resolve docker.io/library/maven:3.9.9-eclipse-temurin-21@sha256:3a4ab3276a087bf276f79cae96b1af04f53731bec53fb2e651aca79e4b10211e 0.1s done
#6 DONE 0.1s

#7 [stage-1 1/3] FROM docker.io/library/eclipse-temurin:21-jre-jammy@sha256:f04fb34e053148344e83317976114ec3f37e4b830ec8bdab5a2fe3cecd7d010b
#7 resolve docker.io/library/eclipse-temurin:21-jre-jammy@sha256:f04fb34e053148344e83317976114ec3f37e4b830ec8bdab5a2fe3cecd7d010b 0.1s done
#7 DONE 0.1s

#8 [internal] load build context
#8 transferring context: 44.59kB 0.1s done
#8 DONE 0.1s

#9 [build 2/6] WORKDIR /workspace
#9 CACHED

#10 [build 3/6] COPY pom.xml ./
#10 CACHED

#11 [build 4/6] RUN mvn -q dependency:go-offline
#11 CACHED

#12 [build 5/6] COPY src ./src
#12 DONE 0.4s

#13 [build 6/6] RUN mvn -q -DskipTests package
#13 DONE 37.0s

#14 [stage-1 2/3] WORKDIR /app
#14 CACHED

#15 [stage-1 3/3] COPY --from=build /workspace/target/teducare-backend-*.jar /app/app.jar
#15 DONE 0.1s

#16 exporting to image
#16 exporting layers
#16 exporting layers 3.9s done
#16 exporting manifest sha256:738974ffe6646dcef9dcdd3d4456f431d645e06045bbb2e39ce14d80176d6928 0.0s done
#16 exporting config sha256:eef7172652fb25c00addb0ef71646319a2ff2a38ec309b49d6ce1d6be0792e26 0.0s done
#16 exporting attestation manifest sha256:5f3a4471984ff94f8d558392b4808f59a285a9ee2c378a176d6957fcfbcc5ae3 0.0s done
#16 exporting manifest list sha256:f82246833c7e8fa119ab79281d27f94b69a6357dbfeb2e70e5fec52873ed46a7 0.0s done
#16 naming to docker.io/library/backend-app:latest done
#16 unpacking to docker.io/library/backend-app:latest
#16 unpacking to docker.io/library/backend-app:latest 0.5s done
#16 DONE 4.5s

#17 resolving provenance for metadata file
#17 DONE 0.0s
 Image backend-app Built 
 Container t-educare-sql Running 
 Container t-educare-backend Recreate 
 Container t-educare-backend Recreated 
 Container t-educare-sql Waiting 
 Container t-educare-sql Healthy 
 Container t-educare-backend Starting 
 Container t-educare-backend Started 
