 Image backend-app Building 
#1 [internal] load local bake definitions
#1 reading from stdin 549B done
#1 DONE 0.0s

#2 [internal] load build definition from Dockerfile
#2 transferring dockerfile: 384B 0.0s done
#2 DONE 0.0s

#3 [internal] load metadata for docker.io/library/maven:3.9.9-eclipse-temurin-21
#3 DONE 0.1s

#4 [internal] load metadata for docker.io/library/eclipse-temurin:21-jre-jammy
#4 DONE 2.6s

#5 [internal] load .dockerignore
#5 transferring context: 2B done
#5 DONE 0.0s

#6 [stage-1 1/3] FROM docker.io/library/eclipse-temurin:21-jre-jammy@sha256:f04fb34e053148344e83317976114ec3f37e4b830ec8bdab5a2fe3cecd7d010b
#6 resolve docker.io/library/eclipse-temurin:21-jre-jammy@sha256:f04fb34e053148344e83317976114ec3f37e4b830ec8bdab5a2fe3cecd7d010b 0.0s done
#6 DONE 0.1s

#7 [build 1/6] FROM docker.io/library/maven:3.9.9-eclipse-temurin-21@sha256:3a4ab3276a087bf276f79cae96b1af04f53731bec53fb2e651aca79e4b10211e
#7 resolve docker.io/library/maven:3.9.9-eclipse-temurin-21@sha256:3a4ab3276a087bf276f79cae96b1af04f53731bec53fb2e651aca79e4b10211e 0.0s done
#7 DONE 0.1s

#8 [internal] load build context
#8 transferring context: 98.80kB 0.1s done
#8 DONE 0.1s

#9 [build 2/6] WORKDIR /workspace
#9 CACHED

#10 [build 3/6] COPY pom.xml ./
#10 CACHED

#11 [build 4/6] RUN mvn -q dependency:go-offline
#11 CACHED

#12 [build 5/6] COPY src ./src
#12 DONE 0.3s

#13 [build 6/6] RUN mvn -q -DskipTests package
#13 DONE 29.2s

#14 [stage-1 2/3] WORKDIR /app
#14 CACHED

#15 [stage-1 3/3] COPY --from=build /workspace/target/teducare-backend-*.jar /app/app.jar
#15 DONE 0.2s

#16 exporting to image
#16 exporting layers
#16 exporting layers 2.6s done
#16 exporting manifest sha256:d7f8e024bab4eeb2de354320ccb49f60fbb1801a1dd592733267e9bcbab21f58 0.0s done
#16 exporting config sha256:770059925fe74c19b08e82c519e0217370bd8919acb6c62aabcf5429ce57f90d 0.0s done
#16 exporting attestation manifest sha256:9706dd4fee3bbde4fef6e4f73bda909bbf1d40018d9b60c504080139e7d78e83 0.0s done
#16 exporting manifest list sha256:5d8b9c6a46179a73210f90400162d9080d4531e2661913da747aeb5af815bdd2
#16 exporting manifest list sha256:5d8b9c6a46179a73210f90400162d9080d4531e2661913da747aeb5af815bdd2 0.0s done
#16 naming to docker.io/library/backend-app:latest 0.0s done
#16 unpacking to docker.io/library/backend-app:latest
#16 unpacking to docker.io/library/backend-app:latest 0.6s done
#16 DONE 3.4s

#17 resolving provenance for metadata file
#17 DONE 0.1s
 Image backend-app Built 
 Container t-educare-sql Running 
 Container t-educare-backend Recreate 
 Container t-educare-backend Recreated 
 Container t-educare-sql Waiting 
 Container t-educare-sql Healthy 
 Container t-educare-backend Starting 
 Container t-educare-backend Started 
